app/(dashboard)/dashboard/clients/page.tsx(139,60): error TS2532: Object is possibly 'undefined'.
app/(dashboard)/dashboard/clients/page.tsx(256,54): error TS2532: Object is possibly 'undefined'.
app/(dashboard)/dashboard/clients/page.tsx(372,8): error TS2375: Type '{ open: boolean; onOpenChange: Dispatch<SetStateAction<boolean>>; clientId: string | undefined; onSuccess: () => Promise<void>; }' is not assignable to type 'ClientDialogProps' with 'exactOptionalPropertyTypes: true'. Consider adding 'undefined' to the types of the target's properties.
  Types of property 'clientId' are incompatible.
    Type 'string | undefined' is not assignable to type 'string'.
      Type 'undefined' is not assignable to type 'string'.
app/(dashboard)/dashboard/projects/page.tsx(455,8): error TS2375: Type '{ open: boolean; onOpenChange: Dispatch<SetStateAction<boolean>>; onSuccess: () => Promise<void>; projectId: string | undefined; }' is not assignable to type 'ProjectDialogProps' with 'exactOptionalPropertyTypes: true'. Consider adding 'undefined' to the types of the target's properties.
  Types of property 'projectId' are incompatible.
    Type 'string | undefined' is not assignable to type 'string'.
      Type 'undefined' is not assignable to type 'string'.
app/(dashboard)/dashboard/team/page.tsx(798,14): error TS2304: Cannot find name 'X'.
components/3d/V1tr0Logo3D.tsx(7,24): error TS7016: Could not find a declaration file for module 'three'. 'D:/V1tr0/v1tr0/frontend/node_modules/.pnpm/three@0.179.1/node_modules/three/build/three.module.js' implicitly has an 'any' type.
  If the 'three' package actually exposes this module, consider sending a pull request to amend 'https://github.com/DefinitelyTyped/DefinitelyTyped/tree/master/types/three'
components/3d/V1tr0Logo3D.tsx(227,15): error TS2339: Property 'material' does not exist on type 'Object3D<Object3DEventMap>'.
components/dashboard/project-tasks.tsx(1135,17): error TS6133: 'userRole' is declared but its value is never read.
supabase/functions/create-user-profile/index.ts(5,30): error TS2307: Cannot find module 'https://esm.sh/@supabase/supabase-js@2' or its corresponding type declarations.
supabase/functions/create-user-profile/index.ts(28,1): error TS2304: Cannot find name 'Deno'.
supabase/functions/create-user-profile/index.ts(28,19): error TS7006: Parameter 'req' implicitly has an 'any' type.
supabase/functions/create-user-profile/index.ts(100,7): error TS2304: Cannot find name 'Deno'.
supabase/functions/create-user-profile/index.ts(101,7): error TS2304: Cannot find name 'Deno'.
supabase/functions/create-user-profile/index.ts(179,16): error TS18046: 'error' is of type 'unknown'.
supabase/functions/create-user-profile/index.ts(180,18): error TS18046: 'error' is of type 'unknown'.
